// Jest Snapshot v1, https://goo.gl/fbAQLP

exports[`matches Box snapshot 1`] = `
<DocumentFragment>
  <form>
    <label
      for="color"
    >
      Color: 
    </label>
    <input
      id="color"
      name="color"
      placeholder="Box Color"
      type="text"
      value=""
    />
    <label
      for="width"
    >
      Width: 
    </label>
    <input
      id="width"
      max="500"
      min="100"
      name="width"
      type="range"
      value=""
    />
    <label
      for="height"
    >
      Height: 
    </label>
    <input
      id="height"
      max="500"
      min="100"
      name="height"
      type="range"
      value=""
    />
    <button
      type="submit"
    >
      Add Box
    </button>
  </form>
</DocumentFragment>
`;

exports[`matches New Box Form snapshot 1`] = `
<DocumentFragment>
  <form>
    <label
      for="color"
    >
      Color: 
    </label>
    <input
      id="color"
      name="color"
      placeholder="Box Color"
      type="text"
      value=""
    />
    <label
      for="width"
    >
      Width: 
    </label>
    <input
      id="width"
      max="500"
      min="100"
      name="width"
      type="range"
      value=""
    />
    <label
      for="height"
    >
      Height: 
    </label>
    <input
      id="height"
      max="500"
      min="100"
      name="height"
      type="range"
      value=""
    />
    <button
      type="submit"
    >
      Add Box
    </button>
  </form>
</DocumentFragment>
`;
